
=================================== ERRORS ====================================
_________ ERROR collecting tests/export_governance/test_classifier.py _________
tests\export_governance\test_classifier.py:10: in <module>
    from moira._export_governance.classifier import SymbolClassifier
moira\__init__.py:30: in <module>
    from .facade import Chart, MissingEphemerisKernelError, Moira, __author__, __version__
moira\facade.py:199: in <module>
    from .aspects import (
moira\aspects.py:543: in <module>
    def aspect_strength(aspect: AspectData | DeclinationAspect) -> AspectStrength:
                                ^^^^^^^^^^
E   NameError: name 'AspectData' is not defined
___________ ERROR collecting tests/export_governance/test_models.py ___________
tests\export_governance\test_models.py:12: in <module>
    from moira._export_governance.models import (
moira\__init__.py:30: in <module>
    from .facade import Chart, MissingEphemerisKernelError, Moira, __author__, __version__
moira\facade.py:199: in <module>
    from .aspects import (
moira\aspects.py:543: in <module>
    def aspect_strength(aspect: AspectData | DeclinationAspect) -> AspectStrength:
                                ^^^^^^^^^^
E   NameError: name 'AspectData' is not defined
___________ ERROR collecting tests/export_governance/test_parser.py ___________
tests\export_governance\test_parser.py:13: in <module>
    from moira._export_governance.parser import ModuleParser, ParsedModule
moira\__init__.py:30: in <module>
    from .facade import Chart, MissingEphemerisKernelError, Moira, __author__, __version__
moira\facade.py:199: in <module>
    from .aspects import (
moira\aspects.py:543: in <module>
    def aspect_strength(aspect: AspectData | DeclinationAspect) -> AspectStrength:
                                ^^^^^^^^^^
E   NameError: name 'AspectData' is not defined
___________ ERROR collecting tests/export_governance/test_policy.py ___________
tests\export_governance\test_policy.py:10: in <module>
    from moira._export_governance.policy import ExportPolicyEngine
moira\__init__.py:30: in <module>
    from .facade import Chart, MissingEphemerisKernelError, Moira, __author__, __version__
moira\facade.py:199: in <module>
    from .aspects import (
moira\aspects.py:543: in <module>
    def aspect_strength(aspect: AspectData | DeclinationAspect) -> AspectStrength:
                                ^^^^^^^^^^
E   NameError: name 'AspectData' is not defined
__________ ERROR collecting tests/export_governance/test_reporter.py __________
tests\export_governance\test_reporter.py:14: in <module>
    from moira._export_governance.reporter import AuditReporter
moira\__init__.py:30: in <module>
    from .facade import Chart, MissingEphemerisKernelError, Moira, __author__, __version__
moira\facade.py:199: in <module>
    from .aspects import (
moira\aspects.py:543: in <module>
    def aspect_strength(aspect: AspectData | DeclinationAspect) -> AspectStrength:
                                ^^^^^^^^^^
E   NameError: name 'AspectData' is not defined
__________ ERROR collecting tests/export_governance/test_scanner.py ___________
tests\export_governance\test_scanner.py:14: in <module>
    from moira._export_governance.scanner import ModuleScanner
moira\__init__.py:30: in <module>
    from .facade import Chart, MissingEphemerisKernelError, Moira, __author__, __version__
moira\facade.py:199: in <module>
    from .aspects import (
moira\aspects.py:543: in <module>
    def aspect_strength(aspect: AspectData | DeclinationAspect) -> AspectStrength:
                                ^^^^^^^^^^
E   NameError: name 'AspectData' is not defined
_________ ERROR collecting tests/export_governance/test_validator.py __________
tests\export_governance\test_validator.py:14: in <module>
    from moira._export_governance.validator import (
moira\__init__.py:30: in <module>
    from .facade import Chart, MissingEphemerisKernelError, Moira, __author__, __version__
moira\facade.py:199: in <module>
    from .aspects import (
moira\aspects.py:543: in <module>
    def aspect_strength(aspect: AspectData | DeclinationAspect) -> AspectStrength:
                                ^^^^^^^^^^
E   NameError: name 'AspectData' is not defined
____ ERROR collecting tests/integration/test_aspects_external_reference.py ____
tests\integration\test_aspects_external_reference.py:43: in <module>
    from moira.aspects import find_aspects
moira\__init__.py:30: in <module>
    from .facade import Chart, MissingEphemerisKernelError, Moira, __author__, __version__
moira\facade.py:199: in <module>
    from .aspects import (
moira\aspects.py:543: in <module>
    def aspect_strength(aspect: AspectData | DeclinationAspect) -> AspectStrength:
                                ^^^^^^^^^^
E   NameError: name 'AspectData' is not defined
_ ERROR collecting tests/integration/test_eclipse_ancient_residual_diagnosis.py _
tests\integration\test_eclipse_ancient_residual_diagnosis.py:6: in <module>
    from moira.eclipse import EclipseCalculator
moira\__init__.py:30: in <module>
    from .facade import Chart, MissingEphemerisKernelError, Moira, __author__, __version__
moira\facade.py:199: in <module>
    from .aspects import (
moira\aspects.py:543: in <module>
    def aspect_strength(aspect: AspectData | DeclinationAspect) -> AspectStrength:
                                ^^^^^^^^^^
E   NameError: name 'AspectData' is not defined
____ ERROR collecting tests/integration/test_eclipse_external_reference.py ____
tests\integration\test_eclipse_external_reference.py:6: in <module>
    from moira.eclipse import EclipseCalculator
moira\__init__.py:30: in <module>
    from .facade import Chart, MissingEphemerisKernelError, Moira, __author__, __version__
moira\facade.py:199: in <module>
    from .aspects import (
moira\aspects.py:543: in <module>
    def aspect_strength(aspect: AspectData | DeclinationAspect) -> AspectStrength:
                                ^^^^^^^^^^
E   NameError: name 'AspectData' is not defined
______ ERROR collecting tests/integration/test_eclipse_nasa_reference.py ______
tests\integration\test_eclipse_nasa_reference.py:6: in <module>
    from moira.eclipse import EclipseCalculator
moira\__init__.py:30: in <module>
    from .facade import Chart, MissingEphemerisKernelError, Moira, __author__, __version__
moira\facade.py:199: in <module>
    from .aspects import (
moira\aspects.py:543: in <module>
    def aspect_strength(aspect: AspectData | DeclinationAspect) -> AspectStrength:
                                ^^^^^^^^^^
E   NameError: name 'AspectData' is not defined
_ ERROR collecting tests/integration/test_eclipse_occultation_where_reference.py _
ImportError while importing test module 'C:\Users\nilad\OneDrive\Desktop\Moira\tests\integration\test_eclipse_occultation_where_reference.py'.
Hint: make sure your test modules/packages have valid Python names.
Traceback:
tests\integration\test_eclipse_occultation_where_reference.py:6: in <module>
    import requests
E   ModuleNotFoundError: No module named 'requests'
____ ERROR collecting tests/integration/test_galactic_oracle_reference.py _____
tests\integration\test_galactic_oracle_reference.py:7: in <module>
    from moira.galactic import (
moira\__init__.py:30: in <module>
    from .facade import Chart, MissingEphemerisKernelError, Moira, __author__, __version__
moira\facade.py:199: in <module>
    from .aspects import (
moira\aspects.py:543: in <module>
    def aspect_strength(aspect: AspectData | DeclinationAspect) -> AspectStrength:
                                ^^^^^^^^^^
E   NameError: name 'AspectData' is not defined
________ ERROR collecting tests/integration/test_horizons_accuracy.py _________
tests\integration\test_horizons_accuracy.py:5: in <module>
    from moira.asteroids import asteroid_at
moira\__init__.py:30: in <module>
    from .facade import Chart, MissingEphemerisKernelError, Moira, __author__, __version__
moira\facade.py:199: in <module>
    from .aspects import (
moira\aspects.py:543: in <module>
    def aspect_strength(aspect: AspectData | DeclinationAspect) -> AspectStrength:
                                ^^^^^^^^^^
E   NameError: name 'AspectData' is not defined
____ ERROR collecting tests/integration/test_horizons_asteroid_apparent.py ____
tests\integration\test_horizons_asteroid_apparent.py:54: in <module>
    from moira.asteroids import asteroid_at
moira\__init__.py:30: in <module>
    from .facade import Chart, MissingEphemerisKernelError, Moira, __author__, __version__
moira\facade.py:199: in <module>
    from .aspects import (
moira\aspects.py:543: in <module>
    def aspect_strength(aspect: AspectData | DeclinationAspect) -> AspectStrength:
                                ^^^^^^^^^^
E   NameError: name 'AspectData' is not defined
_____ ERROR collecting tests/integration/test_horizons_moon_graze_rows.py _____
ImportError while importing test module 'C:\Users\nilad\OneDrive\Desktop\Moira\tests\integration\test_horizons_moon_graze_rows.py'.
Hint: make sure your test modules/packages have valid Python names.
Traceback:
tests\integration\test_horizons_moon_graze_rows.py:8: in <module>
    from tests.integration.test_eclipse_occultation_where_reference import (
E   ImportError: cannot import name '_parse_iota_annual_graze_section' from 'tests.integration.test_eclipse_occultation_where_reference' (C:\Users\nilad\OneDrive\Desktop\Moira\tests\integration\test_eclipse_occultation_where_reference.py)
_________ ERROR collecting tests/integration/test_horizons_orbits.py __________
tests\integration\test_horizons_orbits.py:8: in <module>
    from moira.orbits import distance_extremes_at, orbital_elements_at
moira\__init__.py:30: in <module>
    from .facade import Chart, MissingEphemerisKernelError, Moira, __author__, __version__
moira\facade.py:199: in <module>
    from .aspects import (
moira\aspects.py:543: in <module>
    def aspect_strength(aspect: AspectData | DeclinationAspect) -> AspectStrength:
                                ^^^^^^^^^^
E   NameError: name 'AspectData' is not defined
___ ERROR collecting tests/integration/test_horizons_rise_set_reference.py ____
tests\integration\test_horizons_rise_set_reference.py:8: in <module>
    from moira.rise_set import find_phenomena, get_transit
moira\__init__.py:30: in <module>
    from .facade import Chart, MissingEphemerisKernelError, Moira, __author__, __version__
moira\facade.py:199: in <module>
    from .aspects import (
moira\aspects.py:543: in <module>
    def aspect_strength(aspect: AspectData | DeclinationAspect) -> AspectStrength:
                                ^^^^^^^^^^
E   NameError: name 'AspectData' is not defined
_________ ERROR collecting tests/integration/test_horizons_vectors.py _________
tests\integration\test_horizons_vectors.py:7: in <module>
    from moira.asteroids import ASTEROID_NAIF, _asteroid_geocentric, _kernel_for
moira\__init__.py:30: in <module>
    from .facade import Chart, MissingEphemerisKernelError, Moira, __author__, __version__
moira\facade.py:199: in <module>
    from .aspects import (
moira\aspects.py:543: in <module>
    def aspect_strength(aspect: AspectData | DeclinationAspect) -> AspectStrength:
                                ^^^^^^^^^^
E   NameError: name 'AspectData' is not defined
___ ERROR collecting tests/integration/test_lunar_nasa_compat_reference.py ____
tests\integration\test_lunar_nasa_compat_reference.py:8: in <module>
    from moira.compat.nasa.eclipse import next_nasa_lunar_eclipse
moira\__init__.py:30: in <module>
    from .facade import Chart, MissingEphemerisKernelError, Moira, __author__, __version__
moira\facade.py:199: in <module>
    from .aspects import (
moira\aspects.py:543: in <module>
    def aspect_strength(aspect: AspectData | DeclinationAspect) -> AspectStrength:
                                ^^^^^^^^^^
E   NameError: name 'AspectData' is not defined
_ ERROR collecting tests/integration/test_multiple_stars_external_reference.py _
tests\integration\test_multiple_stars_external_reference.py:18: in <module>
    from moira.multiple_stars import angular_separation_at, multiple_star, position_angle_at
moira\__init__.py:30: in <module>
    from .facade import Chart, MissingEphemerisKernelError, Moira, __author__, __version__
moira\facade.py:199: in <module>
    from .aspects import (
moira\aspects.py:543: in <module>
    def aspect_strength(aspect: AspectData | DeclinationAspect) -> AspectStrength:
                                ^^^^^^^^^^
E   NameError: name 'AspectData' is not defined
____ ERROR collecting tests/integration/test_occultation_target_classes.py ____
tests\integration\test_occultation_target_classes.py:6: in <module>
    from moira.lunar_limb import official_lunar_limb_profile_adjustment
moira\__init__.py:30: in <module>
    from .facade import Chart, MissingEphemerisKernelError, Moira, __author__, __version__
moira\facade.py:199: in <module>
    from .aspects import (
moira\aspects.py:543: in <module>
    def aspect_strength(aspect: AspectData | DeclinationAspect) -> AspectStrength:
                                ^^^^^^^^^^
E   NameError: name 'AspectData' is not defined
_ ERROR collecting tests/integration/test_occultations_external_reference.py __
tests\integration\test_occultations_external_reference.py:7: in <module>
    from moira.stars import star_at
moira\__init__.py:30: in <module>
    from .facade import Chart, MissingEphemerisKernelError, Moira, __author__, __version__
moira\facade.py:199: in <module>
    from .aspects import (
moira\aspects.py:543: in <module>
    def aspect_strength(aspect: AspectData | DeclinationAspect) -> AspectStrength:
                                ^^^^^^^^^^
E   NameError: name 'AspectData' is not defined
____ ERROR collecting tests/integration/test_parans_external_reference.py _____
tests\integration\test_parans_external_reference.py:8: in <module>
    from moira.parans import find_parans
moira\__init__.py:30: in <module>
    from .facade import Chart, MissingEphemerisKernelError, Moira, __author__, __version__
moira\facade.py:199: in <module>
    from .aspects import (
moira\aspects.py:543: in <module>
    def aspect_strength(aspect: AspectData | DeclinationAspect) -> AspectStrength:
                                ^^^^^^^^^^
E   NameError: name 'AspectData' is not defined
_ ERROR collecting tests/integration/test_progressions_external_reference.py __
tests\integration\test_progressions_external_reference.py:10: in <module>
    from moira.progressions import secondary_progression, solar_arc
moira\__init__.py:30: in <module>
    from .facade import Chart, MissingEphemerisKernelError, Moira, __author__, __version__
moira\facade.py:199: in <module>
    from .aspects import (
moira\aspects.py:543: in <module>
    def aspect_strength(aspect: AspectData | DeclinationAspect) -> AspectStrength:
                                ^^^^^^^^^^
E   NameError: name 'AspectData' is not defined
___ ERROR collecting tests/integration/test_rise_set_external_reference.py ____
tests\integration\test_rise_set_external_reference.py:7: in <module>
    from moira.rise_set import find_phenomena
moira\__init__.py:30: in <module>
    from .facade import Chart, MissingEphemerisKernelError, Moira, __author__, __version__
moira\facade.py:199: in <module>
    from .aspects import (
moira\aspects.py:543: in <module>
    def aspect_strength(aspect: AspectData | DeclinationAspect) -> AspectStrength:
                                ^^^^^^^^^^
E   NameError: name 'AspectData' is not defined
___ ERROR collecting tests/integration/test_rise_set_published_reference.py ___
tests\integration\test_rise_set_published_reference.py:8: in <module>
    from moira.rise_set import find_phenomena
moira\__init__.py:30: in <module>
    from .facade import Chart, MissingEphemerisKernelError, Moira, __author__, __version__
moira\facade.py:199: in <module>
    from .aspects import (
moira\aspects.py:543: in <module>
    def aspect_strength(aspect: AspectData | DeclinationAspect) -> AspectStrength:
                                ^^^^^^^^^^
E   NameError: name 'AspectData' is not defined
___ ERROR collecting tests/integration/test_sidereal_external_reference.py ____
tests\integration\test_sidereal_external_reference.py:8: in <module>
    from moira.sidereal import Ayanamsa, ayanamsa
moira\__init__.py:30: in <module>
    from .facade import Chart, MissingEphemerisKernelError, Moira, __author__, __version__
moira\facade.py:199: in <module>
    from .aspects import (
moira\aspects.py:543: in <module>
    def aspect_strength(aspect: AspectData | DeclinationAspect) -> AspectStrength:
                                ^^^^^^^^^^
E   NameError: name 'AspectData' is not defined
_________ ERROR collecting tests/integration/test_sothic_research.py __________
tests\integration\test_sothic_research.py:5: in <module>
    from moira.sothic import sothic_epochs, sothic_rising
moira\__init__.py:30: in <module>
    from .facade import Chart, MissingEphemerisKernelError, Moira, __author__, __version__
moira\facade.py:199: in <module>
    from .aspects import (
moira\aspects.py:543: in <module>
    def aspect_strength(aspect: AspectData | DeclinationAspect) -> AspectStrength:
                                ^^^^^^^^^^
E   NameError: name 'AspectData' is not defined
_______ ERROR collecting tests/integration/test_stars_erfa_reference.py _______
tests\integration\test_stars_erfa_reference.py:10: in <module>
    from moira.stars import star_at
moira\__init__.py:30: in <module>
    from .facade import Chart, MissingEphemerisKernelError, Moira, __author__, __version__
moira\facade.py:199: in <module>
    from .aspects import (
moira\aspects.py:543: in <module>
    def aspect_strength(aspect: AspectData | DeclinationAspect) -> AspectStrength:
                                ^^^^^^^^^^
E   NameError: name 'AspectData' is not defined
_____ ERROR collecting tests/integration/test_stars_external_reference.py _____
tests\integration\test_stars_external_reference.py:8: in <module>
    from moira.stars import star_at
moira\__init__.py:30: in <module>
    from .facade import Chart, MissingEphemerisKernelError, Moira, __author__, __version__
moira\facade.py:199: in <module>
    from .aspects import (
moira\aspects.py:543: in <module>
    def aspect_strength(aspect: AspectData | DeclinationAspect) -> AspectStrength:
                                ^^^^^^^^^^
E   NameError: name 'AspectData' is not defined
_____ ERROR collecting tests/integration/test_stars_sovereign_identity.py _____
tests\integration\test_stars_sovereign_identity.py:12: in <module>
    stars = importlib.import_module("moira.stars")
            ^^^^^^^^^^^^^^^^^^^^^^^^^^^^^^^^^^^^^^
..\..\..\AppData\Local\Programs\Python\Python313\Lib\importlib\__init__.py:88: in import_module
    return _bootstrap._gcd_import(name[level:], package, level)
           ^^^^^^^^^^^^^^^^^^^^^^^^^^^^^^^^^^^^^^^^^^^^^^^^^^^^
<frozen importlib._bootstrap>:1387: in _gcd_import
    ???
<frozen importlib._bootstrap>:1360: in _find_and_load
    ???
<frozen importlib._bootstrap>:1310: in _find_and_load_unlocked
    ???
<frozen importlib._bootstrap>:488: in _call_with_frames_removed
    ???
<frozen importlib._bootstrap>:1387: in _gcd_import
    ???
<frozen importlib._bootstrap>:1360: in _find_and_load
    ???
<frozen importlib._bootstrap>:1331: in _find_and_load_unlocked
    ???
<frozen importlib._bootstrap>:935: in _load_unlocked
    ???
<frozen importlib._bootstrap_external>:1023: in exec_module
    ???
<frozen importlib._bootstrap>:488: in _call_with_frames_removed
    ???
moira\__init__.py:30: in <module>
    from .facade import Chart, MissingEphemerisKernelError, Moira, __author__, __version__
moira\facade.py:199: in <module>
    from .aspects import (
moira\aspects.py:543: in <module>
    def aspect_strength(aspect: AspectData | DeclinationAspect) -> AspectStrength:
                                ^^^^^^^^^^
E   NameError: name 'AspectData' is not defined
___ ERROR collecting tests/integration/test_twilight_external_reference.py ____
tests\integration\test_twilight_external_reference.py:8: in <module>
    from moira.rise_set import twilight_times
moira\__init__.py:30: in <module>
    from .facade import Chart, MissingEphemerisKernelError, Moira, __author__, __version__
moira\facade.py:199: in <module>
    from .aspects import (
moira\aspects.py:543: in <module>
    def aspect_strength(aspect: AspectData | DeclinationAspect) -> AspectStrength:
                                ^^^^^^^^^^
E   NameError: name 'AspectData' is not defined
_ ERROR collecting tests/integration/test_variable_stars_external_reference.py _
tests\integration\test_variable_stars_external_reference.py:27: in <module>
    from moira.variable_stars import next_minimum, phase_at, variable_star
moira\__init__.py:30: in <module>
    from .facade import Chart, MissingEphemerisKernelError, Moira, __author__, __version__
moira\facade.py:199: in <module>
    from .aspects import (
moira\aspects.py:543: in <module>
    def aspect_strength(aspect: AspectData | DeclinationAspect) -> AspectStrength:
                                ^^^^^^^^^^
E   NameError: name 'AspectData' is not defined
__ ERROR collecting tests/integration/test_vimshottari_external_reference.py __
tests\integration\test_vimshottari_external_reference.py:10: in <module>
    from moira.dasha import vimshottari
moira\__init__.py:30: in <module>
    from .facade import Chart, MissingEphemerisKernelError, Moira, __author__, __version__
moira\facade.py:199: in <module>
    from .aspects import (
moira\aspects.py:543: in <module>
    def aspect_strength(aspect: AspectData | DeclinationAspect) -> AspectStrength:
                                ^^^^^^^^^^
E   NameError: name 'AspectData' is not defined
______ ERROR collecting tests/integration/test_visibility_validation.py _______
tests\integration\test_visibility_validation.py:9: in <module>
    from moira.babylonian import (
moira\__init__.py:30: in <module>
    from .facade import Chart, MissingEphemerisKernelError, Moira, __author__, __version__
moira\facade.py:199: in <module>
    from .aspects import (
moira\aspects.py:543: in <module>
    def aspect_strength(aspect: AspectData | DeclinationAspect) -> AspectStrength:
                                ^^^^^^^^^^
E   NameError: name 'AspectData' is not defined
___________ ERROR collecting tests/oracle/test_oracle_validation.py ___________
tests\oracle\test_oracle_validation.py:27: in <module>
    from moira.eclipse import EclipseCalculator
moira\__init__.py:30: in <module>
    from .facade import Chart, MissingEphemerisKernelError, Moira, __author__, __version__
moira\facade.py:199: in <module>
    from .aspects import (
moira\aspects.py:543: in <module>
    def aspect_strength(aspect: AspectData | DeclinationAspect) -> AspectStrength:
                                ^^^^^^^^^^
E   NameError: name 'AspectData' is not defined
______ ERROR collecting tests/unit/test_apparent_magnitude_reference.py _______
tests\unit\test_apparent_magnitude_reference.py:7: in <module>
    import moira.phase as phase
moira\__init__.py:30: in <module>
    from .facade import Chart, MissingEphemerisKernelError, Moira, __author__, __version__
moira\facade.py:199: in <module>
    from .aspects import (
moira\aspects.py:543: in <module>
    def aspect_strength(aspect: AspectData | DeclinationAspect) -> AspectStrength:
                                ^^^^^^^^^^
E   NameError: name 'AspectData' is not defined
______________ ERROR collecting tests/unit/test_ashtakavarga.py _______________
tests\unit\test_ashtakavarga.py:27: in <module>
    from moira.ashtakavarga import (
moira\__init__.py:30: in <module>
    from .facade import Chart, MissingEphemerisKernelError, Moira, __author__, __version__
moira\facade.py:199: in <module>
    from .aspects import (
moira\aspects.py:543: in <module>
    def aspect_strength(aspect: AspectData | DeclinationAspect) -> AspectStrength:
                                ^^^^^^^^^^
E   NameError: name 'AspectData' is not defined
_________________ ERROR collecting tests/unit/test_aspects.py _________________
tests\unit\test_aspects.py:5: in <module>
    from moira.aspects import (
moira\__init__.py:30: in <module>
    from .facade import Chart, MissingEphemerisKernelError, Moira, __author__, __version__
moira\facade.py:199: in <module>
    from .aspects import (
moira\aspects.py:543: in <module>
    def aspect_strength(aspect: AspectData | DeclinationAspect) -> AspectStrength:
                                ^^^^^^^^^^
E   NameError: name 'AspectData' is not defined
______________ ERROR collecting tests/unit/test_asteroid_api.py _______________
tests\unit\test_asteroid_api.py:15: in <module>
    from moira.asteroids import ASTEROID_NAIF, AsteroidData
moira\__init__.py:30: in <module>
    from .facade import Chart, MissingEphemerisKernelError, Moira, __author__, __version__
moira\facade.py:199: in <module>
    from .aspects import (
moira\aspects.py:543: in <module>
    def aspect_strength(aspect: AspectData | DeclinationAspect) -> AspectStrength:
                                ^^^^^^^^^^
E   NameError: name 'AspectData' is not defined
____________ ERROR collecting tests/unit/test_astrocartography.py _____________
tests\unit\test_astrocartography.py:8: in <module>
    import moira.astrocartography as acg
moira\__init__.py:30: in <module>
    from .facade import Chart, MissingEphemerisKernelError, Moira, __author__, __version__
moira\facade.py:199: in <module>
    from .aspects import (
moira\aspects.py:543: in <module>
    def aspect_strength(aspect: AspectData | DeclinationAspect) -> AspectStrength:
                                ^^^^^^^^^^
E   NameError: name 'AspectData' is not defined
_____ ERROR collecting tests/unit/test_astrology_adversarial_gauntlet.py ______
tests\unit\test_astrology_adversarial_gauntlet.py:7: in <module>
    from moira.aspects import (
moira\__init__.py:30: in <module>
    from .facade import Chart, MissingEphemerisKernelError, Moira, __author__, __version__
moira\facade.py:199: in <module>
    from .aspects import (
moira\aspects.py:543: in <module>
    def aspect_strength(aspect: AspectData | DeclinationAspect) -> AspectStrength:
                                ^^^^^^^^^^
E   NameError: name 'AspectData' is not defined
_______________ ERROR collecting tests/unit/test_babylonian.py ________________
tests\unit\test_babylonian.py:5: in <module>
    from moira.babylonian import (
moira\__init__.py:30: in <module>
    from .facade import Chart, MissingEphemerisKernelError, Moira, __author__, __version__
moira\facade.py:199: in <module>
    from .aspects import (
moira\aspects.py:543: in <module>
    def aspect_strength(aspect: AspectData | DeclinationAspect) -> AspectStrength:
                                ^^^^^^^^^^
E   NameError: name 'AspectData' is not defined
___________ ERROR collecting tests/unit/test_build_comet_kernel.py ____________
tests\unit\test_build_comet_kernel.py:7: in <module>
    from scripts import build_comet_kernel as builder
scripts\build_comet_kernel.py:54: in <module>
    from moira.daf_writer import write_spk_type13
moira\__init__.py:30: in <module>
    from .facade import Chart, MissingEphemerisKernelError, Moira, __author__, __version__
moira\facade.py:199: in <module>
    from .aspects import (
moira\aspects.py:543: in <module>
    def aspect_strength(aspect: AspectData | DeclinationAspect) -> AspectStrength:
                                ^^^^^^^^^^
E   NameError: name 'AspectData' is not defined
__________ ERROR collecting tests/unit/test_chart_metadata_truth.py ___________
tests\unit\test_chart_metadata_truth.py:9: in <module>
    import moira.chart as chart_module
moira\__init__.py:30: in <module>
    from .facade import Chart, MissingEphemerisKernelError, Moira, __author__, __version__
moira\facade.py:199: in <module>
    from .aspects import (
moira\aspects.py:543: in <module>
    def aspect_strength(aspect: AspectData | DeclinationAspect) -> AspectStrength:
                                ^^^^^^^^^^
E   NameError: name 'AspectData' is not defined
_______________ ERROR collecting tests/unit/test_chart_shape.py _______________
tests\unit\test_chart_shape.py:19: in <module>
    import moira
moira\__init__.py:30: in <module>
    from .facade import Chart, MissingEphemerisKernelError, Moira, __author__, __version__
moira\facade.py:199: in <module>
    from .aspects import (
moira\aspects.py:543: in <module>
    def aspect_strength(aspect: AspectData | DeclinationAspect) -> AspectStrength:
                                ^^^^^^^^^^
E   NameError: name 'AspectData' is not defined
__________ ERROR collecting tests/unit/test_chiron_planet_bridge.py ___________
tests\unit\test_chiron_planet_bridge.py:7: in <module>
    from moira import Moira
moira\__init__.py:30: in <module>
    from .facade import Chart, MissingEphemerisKernelError, Moira, __author__, __version__
moira\facade.py:199: in <module>
    from .aspects import (
moira\aspects.py:543: in <module>
    def aspect_strength(aspect: AspectData | DeclinationAspect) -> AspectStrength:
                                ^^^^^^^^^^
E   NameError: name 'AspectData' is not defined
____ ERROR collecting tests/unit/test_constellations_sovereign_catalog.py _____
tests\unit\test_constellations_sovereign_catalog.py:9: in <module>
    from moira.stars import star_at, star_name_resolves
moira\__init__.py:30: in <module>
    from .facade import Chart, MissingEphemerisKernelError, Moira, __author__, __version__
moira\facade.py:199: in <module>
    from .aspects import (
moira\aspects.py:543: in <module>
    def aspect_strength(aspect: AspectData | DeclinationAspect) -> AspectStrength:
                                ^^^^^^^^^^
E   NameError: name 'AspectData' is not defined
_______________ ERROR collecting tests/unit/test_daf_writer.py ________________
tests\unit\test_daf_writer.py:5: in <module>
    from moira.asteroids import (
moira\__init__.py:30: in <module>
    from .facade import Chart, MissingEphemerisKernelError, Moira, __author__, __version__
moira\facade.py:199: in <module>
    from .aspects import (
moira\aspects.py:543: in <module>
    def aspect_strength(aspect: AspectData | DeclinationAspect) -> AspectStrength:
                                ^^^^^^^^^^
E   NameError: name 'AspectData' is not defined
______________ ERROR collecting tests/unit/test_dasha_systems.py ______________
tests\unit\test_dasha_systems.py:26: in <module>
    from moira.dasha_systems import (
moira\__init__.py:30: in <module>
    from .facade import Chart, MissingEphemerisKernelError, Moira, __author__, __version__
moira\facade.py:199: in <module>
    from .aspects import (
moira\aspects.py:543: in <module>
    def aspect_strength(aspect: AspectData | DeclinationAspect) -> AspectStrength:
                                ^^^^^^^^^^
E   NameError: name 'AspectData' is not defined
________________ ERROR collecting tests/unit/test_decanates.py ________________
tests\unit\test_decanates.py:19: in <module>
    from moira.decanates import DecanatePosition, chaldean_face, triplicity_decan, vedic_drekkana
moira\__init__.py:30: in <module>
    from .facade import Chart, MissingEphemerisKernelError, Moira, __author__, __version__
moira\facade.py:199: in <module>
    from .aspects import (
moira\aspects.py:543: in <module>
    def aspect_strength(aspect: AspectData | DeclinationAspect) -> AspectStrength:
                                ^^^^^^^^^^
E   NameError: name 'AspectData' is not defined
__________ ERROR collecting tests/unit/test_dignities_public_api.py ___________
tests\unit\test_dignities_public_api.py:10: in <module>
    import moira.dignities as _dignities_module
moira\__init__.py:30: in <module>
    from .facade import Chart, MissingEphemerisKernelError, Moira, __author__, __version__
moira\facade.py:199: in <module>
    from .aspects import (
moira\aspects.py:543: in <module>
    def aspect_strength(aspect: AspectData | DeclinationAspect) -> AspectStrength:
                                ^^^^^^^^^^
E   NameError: name 'AspectData' is not defined
____________ ERROR collecting tests/unit/test_distance_extremes.py ____________
tests\unit\test_distance_extremes.py:23: in <module>
    from moira.orbits import DistanceExtremes, distance_extremes_at
moira\__init__.py:30: in <module>
    from .facade import Chart, MissingEphemerisKernelError, Moira, __author__, __version__
moira\facade.py:199: in <module>
    from .aspects import (
moira\aspects.py:543: in <module>
    def aspect_strength(aspect: AspectData | DeclinationAspect) -> AspectStrength:
                                ^^^^^^^^^^
E   NameError: name 'AspectData' is not defined
___________ ERROR collecting tests/unit/test_doctrine_alignment.py ____________
tests\unit\test_doctrine_alignment.py:8: in <module>
    import moira
moira\__init__.py:30: in <module>
    from .facade import Chart, MissingEphemerisKernelError, Moira, __author__, __version__
moira\facade.py:199: in <module>
    from .aspects import (
moira\aspects.py:543: in <module>
    def aspect_strength(aspect: AspectData | DeclinationAspect) -> AspectStrength:
                                ^^^^^^^^^^
E   NameError: name 'AspectData' is not defined
_____________ ERROR collecting tests/unit/test_eclipse_helpers.py _____________
tests\unit\test_eclipse_helpers.py:5: in <module>
    import moira.eclipse as eclipse
moira\__init__.py:30: in <module>
    from .facade import Chart, MissingEphemerisKernelError, Moira, __author__, __version__
moira\facade.py:199: in <module>
    from .aspects import (
moira\aspects.py:543: in <module>
    def aspect_strength(aspect: AspectData | DeclinationAspect) -> AspectStrength:
                                ^^^^^^^^^^
E   NameError: name 'AspectData' is not defined
_____________ ERROR collecting tests/unit/test_egyptian_bounds.py _____________
tests\unit\test_egyptian_bounds.py:3: in <module>
    from moira.egyptian_bounds import (
moira\__init__.py:30: in <module>
    from .facade import Chart, MissingEphemerisKernelError, Moira, __author__, __version__
moira\facade.py:199: in <module>
    from .aspects import (
moira\aspects.py:543: in <module>
    def aspect_strength(aspect: AspectData | DeclinationAspect) -> AspectStrength:
                                ^^^^^^^^^^
E   NameError: name 'AspectData' is not defined
_______ ERROR collecting tests/unit/test_egyptian_bounds_public_api.py ________
tests\unit\test_egyptian_bounds_public_api.py:8: in <module>
    import moira
moira\__init__.py:30: in <module>
    from .facade import Chart, MissingEphemerisKernelError, Moira, __author__, __version__
moira\facade.py:199: in <module>
    from .aspects import (
moira\aspects.py:543: in <module>
    def aspect_strength(aspect: AspectData | DeclinationAspect) -> AspectStrength:
                                ^^^^^^^^^^
E   NameError: name 'AspectData' is not defined
_______________ ERROR collecting tests/unit/test_electional.py ________________
tests\unit\test_electional.py:5: in <module>
    from moira.electional import (
moira\__init__.py:30: in <module>
    from .facade import Chart, MissingEphemerisKernelError, Moira, __author__, __version__
moira\facade.py:199: in <module>
    from .aspects import (
moira\aspects.py:543: in <module>
    def aspect_strength(aspect: AspectData | DeclinationAspect) -> AspectStrength:
                                ^^^^^^^^^^
E   NameError: name 'AspectData' is not defined
_________ ERROR collecting tests/unit/test_ephemeris_stress_proofs.py _________
tests\unit\test_ephemeris_stress_proofs.py:7: in <module>
    from moira.phenomena import _conjunction_separation, next_conjunction
moira\__init__.py:30: in <module>
    from .facade import Chart, MissingEphemerisKernelError, Moira, __author__, __version__
moira\facade.py:199: in <module>
    from .aspects import (
moira\aspects.py:543: in <module>
    def aspect_strength(aspect: AspectData | DeclinationAspect) -> AspectStrength:
                                ^^^^^^^^^^
E   NameError: name 'AspectData' is not defined
__________ ERROR collecting tests/unit/test_experimental_placidus.py __________
tests\unit\test_experimental_placidus.py:6: in <module>
    from moira.experimental_placidus import (
moira\__init__.py:30: in <module>
    from .facade import Chart, MissingEphemerisKernelError, Moira, __author__, __version__
moira\facade.py:199: in <module>
    from .aspects import (
moira\aspects.py:543: in <module>
    def aspect_strength(aspect: AspectData | DeclinationAspect) -> AspectStrength:
                                ^^^^^^^^^^
E   NameError: name 'AspectData' is not defined
_________ ERROR collecting tests/unit/test_experimental_validation.py _________
tests\unit\test_experimental_validation.py:45: in <module>
    from moira.galactic import (
moira\__init__.py:30: in <module>
    from .facade import Chart, MissingEphemerisKernelError, Moira, __author__, __version__
moira\facade.py:199: in <module>
    from .aspects import (
moira\aspects.py:543: in <module>
    def aspect_strength(aspect: AspectData | DeclinationAspect) -> AspectStrength:
                                ^^^^^^^^^^
E   NameError: name 'AspectData' is not defined
_____________ ERROR collecting tests/unit/test_galactic_houses.py _____________
tests\unit\test_galactic_houses.py:5: in <module>
    from moira import galactic_houses
moira\__init__.py:30: in <module>
    from .facade import Chart, MissingEphemerisKernelError, Moira, __author__, __version__
moira\facade.py:199: in <module>
    from .aspects import (
moira\aspects.py:543: in <module>
    def aspect_strength(aspect: AspectData | DeclinationAspect) -> AspectStrength:
                                ^^^^^^^^^^
E   NameError: name 'AspectData' is not defined
_______ ERROR collecting tests/unit/test_galactic_houses_public_api.py ________
tests\unit\test_galactic_houses_public_api.py:5: in <module>
    import moira
moira\__init__.py:30: in <module>
    from .facade import Chart, MissingEphemerisKernelError, Moira, __author__, __version__
moira\facade.py:199: in <module>
    from .aspects import (
moira\aspects.py:543: in <module>
    def aspect_strength(aspect: AspectData | DeclinationAspect) -> AspectStrength:
                                ^^^^^^^^^^
E   NameError: name 'AspectData' is not defined
________________ ERROR collecting tests/unit/test_geodetic.py _________________
tests\unit\test_geodetic.py:18: in <module>
    import moira.geodetic as geo
moira\__init__.py:30: in <module>
    from .facade import Chart, MissingEphemerisKernelError, Moira, __author__, __version__
moira\facade.py:199: in <module>
    from .aspects import (
moira\aspects.py:543: in <module>
    def aspect_strength(aspect: AspectData | DeclinationAspect) -> AspectStrength:
                                ^^^^^^^^^^
E   NameError: name 'AspectData' is not defined
____________ ERROR collecting tests/unit/test_harmogram_bridges.py ____________
tests\unit\test_harmogram_bridges.py:7: in <module>
    from moira.bridges.harmograms import (
moira\__init__.py:30: in <module>
    from .facade import Chart, MissingEphemerisKernelError, Moira, __author__, __version__
moira\facade.py:199: in <module>
    from .aspects import (
moira\aspects.py:543: in <module>
    def aspect_strength(aspect: AspectData | DeclinationAspect) -> AspectStrength:
                                ^^^^^^^^^^
E   NameError: name 'AspectData' is not defined
_______________ ERROR collecting tests/unit/test_harmograms.py ________________
tests\unit\test_harmograms.py:7: in <module>
    from moira import harmograms as _harmograms_module
moira\__init__.py:30: in <module>
    from .facade import Chart, MissingEphemerisKernelError, Moira, __author__, __version__
moira\facade.py:199: in <module>
    from .aspects import (
moira\aspects.py:543: in <module>
    def aspect_strength(aspect: AspectData | DeclinationAspect) -> AspectStrength:
                                ^^^^^^^^^^
E   NameError: name 'AspectData' is not defined
__________ ERROR collecting tests/unit/test_harmograms_public_api.py __________
tests\unit\test_harmograms_public_api.py:8: in <module>
    import moira.harmograms as _harmograms_module
moira\__init__.py:30: in <module>
    from .facade import Chart, MissingEphemerisKernelError, Moira, __author__, __version__
moira\facade.py:199: in <module>
    from .aspects import (
moira\aspects.py:543: in <module>
    def aspect_strength(aspect: AspectData | DeclinationAspect) -> AspectStrength:
                                ^^^^^^^^^^
E   NameError: name 'AspectData' is not defined
________________ ERROR collecting tests/unit/test_harmonics.py ________________
tests\unit\test_harmonics.py:25: in <module>
    import moira
moira\__init__.py:30: in <module>
    from .facade import Chart, MissingEphemerisKernelError, Moira, __author__, __version__
moira\facade.py:199: in <module>
    from .aspects import (
moira\aspects.py:543: in <module>
    def aspect_strength(aspect: AspectData | DeclinationAspect) -> AspectStrength:
                                ^^^^^^^^^^
E   NameError: name 'AspectData' is not defined
_______ ERROR collecting tests/unit/test_heliacal_visibility_policy.py ________
tests\unit\test_heliacal_visibility_policy.py:8: in <module>
    from moira.heliacal import (
moira\__init__.py:30: in <module>
    from .facade import Chart, MissingEphemerisKernelError, Moira, __author__, __version__
moira\facade.py:199: in <module>
    from .aspects import (
moira\aspects.py:543: in <module>
    def aspect_strength(aspect: AspectData | DeclinationAspect) -> AspectStrength:
                                ^^^^^^^^^^
E   NameError: name 'AspectData' is not defined
____________ ERROR collecting tests/unit/test_house_public_api.py _____________
tests\unit\test_house_public_api.py:11: in <module>
    import moira.houses as _houses_module
moira\__init__.py:30: in <module>
    from .facade import Chart, MissingEphemerisKernelError, Moira, __author__, __version__
moira\facade.py:199: in <module>
    from .aspects import (
moira\aspects.py:543: in <module>
    def aspect_strength(aspect: AspectData | DeclinationAspect) -> AspectStrength:
                                ^^^^^^^^^^
E   NameError: name 'AspectData' is not defined
_________________ ERROR collecting tests/unit/test_jaimini.py _________________
tests\unit\test_jaimini.py:23: in <module>
    from moira.jaimini import (
moira\__init__.py:30: in <module>
    from .facade import Chart, MissingEphemerisKernelError, Moira, __author__, __version__
moira\facade.py:199: in <module>
    from .aspects import (
moira\aspects.py:543: in <module>
    def aspect_strength(aspect: AspectData | DeclinationAspect) -> AspectStrength:
                                ^^^^^^^^^^
E   NameError: name 'AspectData' is not defined
_______________ ERROR collecting tests/unit/test_light_cone.py ________________
tests\unit\test_light_cone.py:35: in <module>
    from moira.light_cone import (
moira\__init__.py:30: in <module>
    from .facade import Chart, MissingEphemerisKernelError, Moira, __author__, __version__
moira\facade.py:199: in <module>
    from .aspects import (
moira\aspects.py:543: in <module>
    def aspect_strength(aspect: AspectData | DeclinationAspect) -> AspectStrength:
                                ^^^^^^^^^^
E   NameError: name 'AspectData' is not defined
_______________ ERROR collecting tests/unit/test_local_space.py _______________
tests\unit\test_local_space.py:7: in <module>
    import moira.local_space as ls
moira\__init__.py:30: in <module>
    from .facade import Chart, MissingEphemerisKernelError, Moira, __author__, __version__
moira\facade.py:199: in <module>
    from .aspects import (
moira\aspects.py:543: in <module>
    def aspect_strength(aspect: AspectData | DeclinationAspect) -> AspectStrength:
                                ^^^^^^^^^^
E   NameError: name 'AspectData' is not defined
_____________ ERROR collecting tests/unit/test_lord_of_the_orb.py _____________
tests\unit\test_lord_of_the_orb.py:19: in <module>
    from moira.lord_of_the_orb import (
moira\__init__.py:30: in <module>
    from .facade import Chart, MissingEphemerisKernelError, Moira, __author__, __version__
moira\facade.py:199: in <module>
    from .aspects import (
moira\aspects.py:543: in <module>
    def aspect_strength(aspect: AspectData | DeclinationAspect) -> AspectStrength:
                                ^^^^^^^^^^
E   NameError: name 'AspectData' is not defined
____________ ERROR collecting tests/unit/test_lord_of_the_turn.py _____________
tests\unit\test_lord_of_the_turn.py:23: in <module>
    from moira.lord_of_the_turn import (
moira\__init__.py:30: in <module>
    from .facade import Chart, MissingEphemerisKernelError, Moira, __author__, __version__
moira\facade.py:199: in <module>
    from .aspects import (
moira\aspects.py:543: in <module>
    def aspect_strength(aspect: AspectData | DeclinationAspect) -> AspectStrength:
                                ^^^^^^^^^^
E   NameError: name 'AspectData' is not defined
_____________ ERROR collecting tests/unit/test_lots_public_api.py _____________
tests\unit\test_lots_public_api.py:10: in <module>
    import moira.lots as _lots_module
moira\__init__.py:30: in <module>
    from .facade import Chart, MissingEphemerisKernelError, Moira, __author__, __version__
moira\facade.py:199: in <module>
    from .aspects import (
moira\aspects.py:543: in <module>
    def aspect_strength(aspect: AspectData | DeclinationAspect) -> AspectStrength:
                                ^^^^^^^^^^
E   NameError: name 'AspectData' is not defined
____________ ERROR collecting tests/unit/test_low_level_helpers.py ____________
tests\unit\test_low_level_helpers.py:29: in <module>
    from moira.rise_set import RiseSetPolicy, find_phenomena
moira\__init__.py:30: in <module>
    from .facade import Chart, MissingEphemerisKernelError, Moira, __author__, __version__
moira\facade.py:199: in <module>
    from .aspects import (
moira\aspects.py:543: in <module>
    def aspect_strength(aspect: AspectData | DeclinationAspect) -> AspectStrength:
                                ^^^^^^^^^^
E   NameError: name 'AspectData' is not defined
_________________ ERROR collecting tests/unit/test_manazil.py _________________
tests\unit\test_manazil.py:12: in <module>
    from moira.manazil import (
moira\__init__.py:30: in <module>
    from .facade import Chart, MissingEphemerisKernelError, Moira, __author__, __version__
moira\facade.py:199: in <module>
    from .aspects import (
moira\aspects.py:543: in <module>
    def aspect_strength(aspect: AspectData | DeclinationAspect) -> AspectStrength:
                                ^^^^^^^^^^
E   NameError: name 'AspectData' is not defined
________________ ERROR collecting tests/unit/test_midpoints.py ________________
tests\unit\test_midpoints.py:25: in <module>
    import moira
moira\__init__.py:30: in <module>
    from .facade import Chart, MissingEphemerisKernelError, Moira, __author__, __version__
moira\facade.py:199: in <module>
    from .aspects import (
moira\aspects.py:543: in <module>
    def aspect_strength(aspect: AspectData | DeclinationAspect) -> AspectStrength:
                                ^^^^^^^^^^
E   NameError: name 'AspectData' is not defined
_______________ ERROR collecting tests/unit/test_moiety_orbs.py _______________
tests\unit\test_moiety_orbs.py:21: in <module>
    from moira.aspects import (
moira\__init__.py:30: in <module>
    from .facade import Chart, MissingEphemerisKernelError, Moira, __author__, __version__
moira\facade.py:199: in <module>
    from .aspects import (
moira\aspects.py:543: in <module>
    def aspect_strength(aspect: AspectData | DeclinationAspect) -> AspectStrength:
                                ^^^^^^^^^^
E   NameError: name 'AspectData' is not defined
_________ ERROR collecting tests/unit/test_moira_bce_time_support.py __________
tests\unit\test_moira_bce_time_support.py:7: in <module>
    from moira import Chart, Moira, calendar_datetime_from_jd, datetime_from_jd, julian_day
moira\__init__.py:30: in <module>
    from .facade import Chart, MissingEphemerisKernelError, Moira, __author__, __version__
moira\facade.py:199: in <module>
    from .aspects import (
moira\aspects.py:543: in <module>
    def aspect_strength(aspect: AspectData | DeclinationAspect) -> AspectStrength:
                                ^^^^^^^^^^
E   NameError: name 'AspectData' is not defined
________ ERROR collecting tests/unit/test_moira_dignities_and_lots.py _________
tests\unit\test_moira_dignities_and_lots.py:7: in <module>
    from moira import Moira
moira\__init__.py:30: in <module>
    from .facade import Chart, MissingEphemerisKernelError, Moira, __author__, __version__
moira\facade.py:199: in <module>
    from .aspects import (
moira\aspects.py:543: in <module>
    def aspect_strength(aspect: AspectData | DeclinationAspect) -> AspectStrength:
                                ^^^^^^^^^^
E   NameError: name 'AspectData' is not defined
_________ ERROR collecting tests/unit/test_moira_kernel_readiness.py __________
tests\unit\test_moira_kernel_readiness.py:9: in <module>
    import moira.facade as facade
moira\__init__.py:30: in <module>
    from .facade import Chart, MissingEphemerisKernelError, Moira, __author__, __version__
moira\facade.py:199: in <module>
    from .aspects import (
moira\aspects.py:543: in <module>
    def aspect_strength(aspect: AspectData | DeclinationAspect) -> AspectStrength:
                                ^^^^^^^^^^
E   NameError: name 'AspectData' is not defined
___________ ERROR collecting tests/unit/test_moira_polar_houses.py ____________
tests\unit\test_moira_polar_houses.py:15: in <module>
    from moira import Moira
moira\__init__.py:30: in <module>
    from .facade import Chart, MissingEphemerisKernelError, Moira, __author__, __version__
moira\facade.py:199: in <module>
    from .aspects import (
moira\aspects.py:543: in <module>
    def aspect_strength(aspect: AspectData | DeclinationAspect) -> AspectStrength:
                                ^^^^^^^^^^
E   NameError: name 'AspectData' is not defined
___________ ERROR collecting tests/unit/test_moira_progressions.py ____________
tests\unit\test_moira_progressions.py:8: in <module>
    from moira import Body
moira\__init__.py:30: in <module>
    from .facade import Chart, MissingEphemerisKernelError, Moira, __author__, __version__
moira\facade.py:199: in <module>
    from .aspects import (
moira\aspects.py:543: in <module>
    def aspect_strength(aspect: AspectData | DeclinationAspect) -> AspectStrength:
                                ^^^^^^^^^^
E   NameError: name 'AspectData' is not defined
_____ ERROR collecting tests/unit/test_moira_public_harmograms_exports.py _____
tests\unit\test_moira_public_harmograms_exports.py:3: in <module>
    import moira
moira\__init__.py:30: in <module>
    from .facade import Chart, MissingEphemerisKernelError, Moira, __author__, __version__
moira\facade.py:199: in <module>
    from .aspects import (
moira\aspects.py:543: in <module>
    def aspect_strength(aspect: AspectData | DeclinationAspect) -> AspectStrength:
                                ^^^^^^^^^^
E   NameError: name 'AspectData' is not defined
_____________ ERROR collecting tests/unit/test_moira_synastry.py ______________
tests\unit\test_moira_synastry.py:7: in <module>
    from moira import Body, HouseSystem, Moira
moira\__init__.py:30: in <module>
    from .facade import Chart, MissingEphemerisKernelError, Moira, __author__, __version__
moira\facade.py:199: in <module>
    from .aspects import (
moira\aspects.py:543: in <module>
    def aspect_strength(aspect: AspectData | DeclinationAspect) -> AspectStrength:
                                ^^^^^^^^^^
E   NameError: name 'AspectData' is not defined
_____________ ERROR collecting tests/unit/test_multiple_stars.py ______________
tests\unit\test_multiple_stars.py:8: in <module>
    import moira
moira\__init__.py:30: in <module>
    from .facade import Chart, MissingEphemerisKernelError, Moira, __author__, __version__
moira\facade.py:199: in <module>
    from .aspects import (
moira\aspects.py:543: in <module>
    def aspect_strength(aspect: AspectData | DeclinationAspect) -> AspectStrength:
                                ^^^^^^^^^^
E   NameError: name 'AspectData' is not defined
___________ ERROR collecting tests/unit/test_nasa_compat_eclipse.py ___________
tests\unit\test_nasa_compat_eclipse.py:5: in <module>
    from moira.compat.nasa.eclipse import (
moira\__init__.py:30: in <module>
    from .facade import Chart, MissingEphemerisKernelError, Moira, __author__, __version__
moira\facade.py:199: in <module>
    from .aspects import (
moira\aspects.py:543: in <module>
    def aspect_strength(aspect: AspectData | DeclinationAspect) -> AspectStrength:
                                ^^^^^^^^^^
E   NameError: name 'AspectData' is not defined
_______________ ERROR collecting tests/unit/test_nine_parts.py ________________
tests\unit\test_nine_parts.py:21: in <module>
    from moira.nine_parts import (
moira\__init__.py:30: in <module>
    from .facade import Chart, MissingEphemerisKernelError, Moira, __author__, __version__
moira\facade.py:199: in <module>
    from .aspects import (
moira\aspects.py:543: in <module>
    def aspect_strength(aspect: AspectData | DeclinationAspect) -> AspectStrength:
                                ^^^^^^^^^^
E   NameError: name 'AspectData' is not defined
__________ ERROR collecting tests/unit/test_occultation_geometry.py ___________
tests\unit\test_occultation_geometry.py:8: in <module>
    import moira.occultations as occultations
moira\__init__.py:30: in <module>
    from .facade import Chart, MissingEphemerisKernelError, Moira, __author__, __version__
moira\facade.py:199: in <module>
    from .aspects import (
moira\aspects.py:543: in <module>
    def aspect_strength(aspect: AspectData | DeclinationAspect) -> AspectStrength:
                                ^^^^^^^^^^
E   NameError: name 'AspectData' is not defined
____________ ERROR collecting tests/unit/test_orbital_elements.py _____________
tests\unit\test_orbital_elements.py:31: in <module>
    from moira.orbits import KeplerianElements, orbital_elements_at
moira\__init__.py:30: in <module>
    from .facade import Chart, MissingEphemerisKernelError, Moira, __author__, __version__
moira\facade.py:199: in <module>
    from .aspects import (
moira\aspects.py:543: in <module>
    def aspect_strength(aspect: AspectData | DeclinationAspect) -> AspectStrength:
                                ^^^^^^^^^^
E   NameError: name 'AspectData' is not defined
________________ ERROR collecting tests/unit/test_panchanga.py ________________
tests\unit\test_panchanga.py:22: in <module>
    from moira.panchanga import (
moira\__init__.py:30: in <module>
    from .facade import Chart, MissingEphemerisKernelError, Moira, __author__, __version__
moira\facade.py:199: in <module>
    from .aspects import (
moira\aspects.py:543: in <module>
    def aspect_strength(aspect: AspectData | DeclinationAspect) -> AspectStrength:
                                ^^^^^^^^^^
E   NameError: name 'AspectData' is not defined
_________________ ERROR collecting tests/unit/test_parans.py __________________
tests\unit\test_parans.py:9: in <module>
    from moira.parans import (
moira\__init__.py:30: in <module>
    from .facade import Chart, MissingEphemerisKernelError, Moira, __author__, __version__
moira\facade.py:199: in <module>
    from .aspects import (
moira\aspects.py:543: in <module>
    def aspect_strength(aspect: AspectData | DeclinationAspect) -> AspectStrength:
                                ^^^^^^^^^^
E   NameError: name 'AspectData' is not defined
____________ ERROR collecting tests/unit/test_parans_public_api.py ____________
tests\unit\test_parans_public_api.py:12: in <module>
    import moira
moira\__init__.py:30: in <module>
    from .facade import Chart, MissingEphemerisKernelError, Moira, __author__, __version__
moira\facade.py:199: in <module>
    from .aspects import (
moira\aspects.py:543: in <module>
    def aspect_strength(aspect: AspectData | DeclinationAspect) -> AspectStrength:
                                ^^^^^^^^^^
E   NameError: name 'AspectData' is not defined
________________ ERROR collecting tests/unit/test_patterns.py _________________
tests\unit\test_patterns.py:5: in <module>
    from moira.aspects import AspectData
moira\__init__.py:30: in <module>
    from .facade import Chart, MissingEphemerisKernelError, Moira, __author__, __version__
moira\facade.py:199: in <module>
    from .aspects import (
moira\aspects.py:543: in <module>
    def aspect_strength(aspect: AspectData | DeclinationAspect) -> AspectStrength:
                                ^^^^^^^^^^
E   NameError: name 'AspectData' is not defined
___________ ERROR collecting tests/unit/test_patterns_public_api.py ___________
tests\unit\test_patterns_public_api.py:10: in <module>
    import moira.patterns as _patterns_module
moira\__init__.py:30: in <module>
    from .facade import Chart, MissingEphemerisKernelError, Moira, __author__, __version__
moira\facade.py:199: in <module>
    from .aspects import (
moira\aspects.py:543: in <module>
    def aspect_strength(aspect: AspectData | DeclinationAspect) -> AspectStrength:
                                ^^^^^^^^^^
E   NameError: name 'AspectData' is not defined
______________ ERROR collecting tests/unit/test_physics_layer.py ______________
tests\unit\test_physics_layer.py:15: in <module>
    from moira.sidereal import (
moira\__init__.py:30: in <module>
    from .facade import Chart, MissingEphemerisKernelError, Moira, __author__, __version__
moira\facade.py:199: in <module>
    from .aspects import (
moira\aspects.py:543: in <module>
    def aspect_strength(aspect: AspectData | DeclinationAspect) -> AspectStrength:
                                ^^^^^^^^^^
E   NameError: name 'AspectData' is not defined
_____________ ERROR collecting tests/unit/test_planet_heliacal.py _____________
tests\unit\test_planet_heliacal.py:46: in <module>
    from moira.heliacal import (
moira\__init__.py:30: in <module>
    from .facade import Chart, MissingEphemerisKernelError, Moira, __author__, __version__
moira\facade.py:199: in <module>
    from .aspects import (
moira\aspects.py:543: in <module>
    def aspect_strength(aspect: AspectData | DeclinationAspect) -> AspectStrength:
                                ^^^^^^^^^^
E   NameError: name 'AspectData' is not defined
___________ ERROR collecting tests/unit/test_planetary_hours_api.py ___________
tests\unit\test_planetary_hours_api.py:7: in <module>
    import moira.planetary_hours as planetary_hours_module
moira\__init__.py:30: in <module>
    from .facade import Chart, MissingEphemerisKernelError, Moira, __author__, __version__
moira\facade.py:199: in <module>
    from .aspects import (
moira\aspects.py:543: in <module>
    def aspect_strength(aspect: AspectData | DeclinationAspect) -> AspectStrength:
                                ^^^^^^^^^^
E   NameError: name 'AspectData' is not defined
_____________ ERROR collecting tests/unit/test_planetocentric.py ______________
tests\unit\test_planetocentric.py:28: in <module>
    from moira.planetocentric import (
moira\__init__.py:30: in <module>
    from .facade import Chart, MissingEphemerisKernelError, Moira, __author__, __version__
moira\facade.py:199: in <module>
    from .aspects import (
moira\aspects.py:543: in <module>
    def aspect_strength(aspect: AspectData | DeclinationAspect) -> AspectStrength:
                                ^^^^^^^^^^
E   NameError: name 'AspectData' is not defined
_______ ERROR collecting tests/unit/test_polar_chart_public_gauntlet.py _______
tests\unit\test_polar_chart_public_gauntlet.py:7: in <module>
    from moira import Moira
moira\__init__.py:30: in <module>
    from .facade import Chart, MissingEphemerisKernelError, Moira, __author__, __version__
moira\facade.py:199: in <module>
    from .aspects import (
moira\aspects.py:543: in <module>
    def aspect_strength(aspect: AspectData | DeclinationAspect) -> AspectStrength:
                                ^^^^^^^^^^
E   NameError: name 'AspectData' is not defined
_ ERROR collecting tests/unit/test_preservation_property_docstring_governance.py _
tests\unit\test_preservation_property_docstring_governance.py:19: in <module>
    import moira
moira\__init__.py:30: in <module>
    from .facade import Chart, MissingEphemerisKernelError, Moira, __author__, __version__
moira\facade.py:199: in <module>
    from .aspects import (
moira\aspects.py:543: in <module>
    def aspect_strength(aspect: AspectData | DeclinationAspect) -> AspectStrength:
                                ^^^^^^^^^^
E   NameError: name 'AspectData' is not defined
_______ ERROR collecting tests/unit/test_primary_direction_antiscia.py ________
tests\unit\test_primary_direction_antiscia.py:9: in <module>
    from moira.antiscia import antiscion, contra_antiscion
moira\__init__.py:30: in <module>
    from .facade import Chart, MissingEphemerisKernelError, Moira, __author__, __version__
moira\facade.py:199: in <module>
    from .aspects import (
moira\aspects.py:543: in <module>
    def aspect_strength(aspect: AspectData | DeclinationAspect) -> AspectStrength:
                                ^^^^^^^^^^
E   NameError: name 'AspectData' is not defined
_______ ERROR collecting tests/unit/test_primary_direction_converse.py ________
tests\unit\test_primary_direction_converse.py:5: in <module>
    import moira.primary_directions.converse as converse_module
moira\__init__.py:30: in <module>
    from .facade import Chart, MissingEphemerisKernelError, Moira, __author__, __version__
moira\facade.py:199: in <module>
    from .aspects import (
moira\aspects.py:543: in <module>
    def aspect_strength(aspect: AspectData | DeclinationAspect) -> AspectStrength:
                                ^^^^^^^^^^
E   NameError: name 'AspectData' is not defined
______ ERROR collecting tests/unit/test_primary_direction_fixed_stars.py ______
tests\unit\test_primary_direction_fixed_stars.py:9: in <module>
    from moira.primary_directions.fixed_stars import (
moira\__init__.py:30: in <module>
    from .facade import Chart, MissingEphemerisKernelError, Moira, __author__, __version__
moira\facade.py:199: in <module>
    from .aspects import (
moira\aspects.py:543: in <module>
    def aspect_strength(aspect: AspectData | DeclinationAspect) -> AspectStrength:
                                ^^^^^^^^^^
E   NameError: name 'AspectData' is not defined
_______ ERROR collecting tests/unit/test_primary_direction_geometry.py ________
tests\unit\test_primary_direction_geometry.py:8: in <module>
    from moira.primary_directions.geometry import (
moira\__init__.py:30: in <module>
    from .facade import Chart, MissingEphemerisKernelError, Moira, __author__, __version__
moira\facade.py:199: in <module>
    from .aspects import (
moira\aspects.py:543: in <module>
    def aspect_strength(aspect: AspectData | DeclinationAspect) -> AspectStrength:
                                ^^^^^^^^^^
E   NameError: name 'AspectData' is not defined
_________ ERROR collecting tests/unit/test_primary_direction_keys.py __________
tests\unit\test_primary_direction_keys.py:5: in <module>
    import moira.primary_directions.keys as key_module
moira\__init__.py:30: in <module>
    from .facade import Chart, MissingEphemerisKernelError, Moira, __author__, __version__
moira\facade.py:199: in <module>
    from .aspects import (
moira\aspects.py:543: in <module>
    def aspect_strength(aspect: AspectData | DeclinationAspect) -> AspectStrength:
                                ^^^^^^^^^^
E   NameError: name 'AspectData' is not defined
___ ERROR collecting tests/unit/test_primary_direction_latitude_sources.py ____
tests\unit\test_primary_direction_latitude_sources.py:5: in <module>
    import moira.primary_directions.latitude_sources as latitude_source_module
moira\__init__.py:30: in <module>
    from .facade import Chart, MissingEphemerisKernelError, Moira, __author__, __version__
moira\facade.py:199: in <module>
    from .aspects import (
moira\aspects.py:543: in <module>
    def aspect_strength(aspect: AspectData | DeclinationAspect) -> AspectStrength:
                                ^^^^^^^^^^
E   NameError: name 'AspectData' is not defined
_______ ERROR collecting tests/unit/test_primary_direction_latitudes.py _______
tests\unit\test_primary_direction_latitudes.py:5: in <module>
    import moira.primary_directions.latitudes as latitude_module
moira\__init__.py:30: in <module>
    from .facade import Chart, MissingEphemerisKernelError, Moira, __author__, __version__
moira\facade.py:199: in <module>
    from .aspects import (
moira\aspects.py:543: in <module>
    def aspect_strength(aspect: AspectData | DeclinationAspect) -> AspectStrength:
                                ^^^^^^^^^^
E   NameError: name 'AspectData' is not defined
________ ERROR collecting tests/unit/test_primary_direction_methods.py ________
tests\unit\test_primary_direction_methods.py:5: in <module>
    import moira.primary_directions.methods as method_module
moira\__init__.py:30: in <module>
    from .facade import Chart, MissingEphemerisKernelError, Moira, __author__, __version__
moira\facade.py:199: in <module>
    from .aspects import (
moira\aspects.py:543: in <module>
    def aspect_strength(aspect: AspectData | DeclinationAspect) -> AspectStrength:
                                ^^^^^^^^^^
E   NameError: name 'AspectData' is not defined
________ ERROR collecting tests/unit/test_primary_direction_morinus.py ________
tests\unit\test_primary_direction_morinus.py:5: in <module>
    import moira.primary_directions.morinus as morinus_module
moira\__init__.py:30: in <module>
    from .facade import Chart, MissingEphemerisKernelError, Moira, __author__, __version__
moira\facade.py:199: in <module>
    from .aspects import (
moira\aspects.py:543: in <module>
    def aspect_strength(aspect: AspectData | DeclinationAspect) -> AspectStrength:
                                ^^^^^^^^^^
E   NameError: name 'AspectData' is not defined
______ ERROR collecting tests/unit/test_primary_direction_perfections.py ______
tests\unit\test_primary_direction_perfections.py:5: in <module>
    import moira.primary_directions.perfections as perfection_module
moira\__init__.py:30: in <module>
    from .facade import Chart, MissingEphemerisKernelError, Moira, __author__, __version__
moira\facade.py:199: in <module>
    from .aspects import (
moira\aspects.py:543: in <module>
    def aspect_strength(aspect: AspectData | DeclinationAspect) -> AspectStrength:
                                ^^^^^^^^^^
E   NameError: name 'AspectData' is not defined
_______ ERROR collecting tests/unit/test_primary_direction_placidus.py ________
tests\unit\test_primary_direction_placidus.py:8: in <module>
    from moira.primary_directions.placidus import (
moira\__init__.py:30: in <module>
    from .facade import Chart, MissingEphemerisKernelError, Moira, __author__, __version__
moira\facade.py:199: in <module>
    from .aspects import (
moira\aspects.py:543: in <module>
    def aspect_strength(aspect: AspectData | DeclinationAspect) -> AspectStrength:
                                ^^^^^^^^^^
E   NameError: name 'AspectData' is not defined
________ ERROR collecting tests/unit/test_primary_direction_presets.py ________
tests\unit\test_primary_direction_presets.py:3: in <module>
    from moira.primary_directions import (
moira\__init__.py:30: in <module>
    from .facade import Chart, MissingEphemerisKernelError, Moira, __author__, __version__
moira\facade.py:199: in <module>
    from .aspects import (
moira\aspects.py:543: in <module>
    def aspect_strength(aspect: AspectData | DeclinationAspect) -> AspectStrength:
                                ^^^^^^^^^^
E   NameError: name 'AspectData' is not defined
________ ERROR collecting tests/unit/test_primary_direction_ptolemy.py ________
tests\unit\test_primary_direction_ptolemy.py:8: in <module>
    import moira.primary_directions.ptolemy as ptolemy_module
moira\__init__.py:30: in <module>
    from .facade import Chart, MissingEphemerisKernelError, Moira, __author__, __version__
moira\facade.py:199: in <module>
    from .aspects import (
moira\aspects.py:543: in <module>
    def aspect_strength(aspect: AspectData | DeclinationAspect) -> AspectStrength:
                                ^^^^^^^^^^
E   NameError: name 'AspectData' is not defined
_______ ERROR collecting tests/unit/test_primary_direction_relations.py _______
tests\unit\test_primary_direction_relations.py:5: in <module>
    import moira.primary_directions.relations as relation_module
moira\__init__.py:30: in <module>
    from .facade import Chart, MissingEphemerisKernelError, Moira, __author__, __version__
moira\facade.py:199: in <module>
    from .aspects import (
moira\aspects.py:543: in <module>
    def aspect_strength(aspect: AspectData | DeclinationAspect) -> AspectStrength:
                                ^^^^^^^^^^
E   NameError: name 'AspectData' is not defined
________ ERROR collecting tests/unit/test_primary_direction_spaces.py _________
tests\unit\test_primary_direction_spaces.py:5: in <module>
    import moira.primary_directions.spaces as space_module
moira\__init__.py:30: in <module>
    from .facade import Chart, MissingEphemerisKernelError, Moira, __author__, __version__
moira\facade.py:199: in <module>
    from .aspects import (
moira\aspects.py:543: in <module>
    def aspect_strength(aspect: AspectData | DeclinationAspect) -> AspectStrength:
                                ^^^^^^^^^^
E   NameError: name 'AspectData' is not defined
________ ERROR collecting tests/unit/test_primary_direction_targets.py ________
tests\unit\test_primary_direction_targets.py:5: in <module>
    import moira.primary_directions.targets as target_module
moira\__init__.py:30: in <module>
    from .facade import Chart, MissingEphemerisKernelError, Moira, __author__, __version__
moira\facade.py:199: in <module>
    from .aspects import (
moira\aspects.py:543: in <module>
    def aspect_strength(aspect: AspectData | DeclinationAspect) -> AspectStrength:
                                ^^^^^^^^^^
E   NameError: name 'AspectData' is not defined
___________ ERROR collecting tests/unit/test_primary_directions.py ____________
tests\unit\test_primary_directions.py:9: in <module>
    from moira.primary_directions import (
moira\__init__.py:30: in <module>
    from .facade import Chart, MissingEphemerisKernelError, Moira, __author__, __version__
moira\facade.py:199: in <module>
    from .aspects import (
moira\aspects.py:543: in <module>
    def aspect_strength(aspect: AspectData | DeclinationAspect) -> AspectStrength:
                                ^^^^^^^^^^
E   NameError: name 'AspectData' is not defined
______ ERROR collecting tests/unit/test_primary_directions_public_api.py ______
tests\unit\test_primary_directions_public_api.py:8: in <module>
    import moira
moira\__init__.py:30: in <module>
    from .facade import Chart, MissingEphemerisKernelError, Moira, __author__, __version__
moira\facade.py:199: in <module>
    from .aspects import (
moira\aspects.py:543: in <module>
    def aspect_strength(aspect: AspectData | DeclinationAspect) -> AspectStrength:
                                ^^^^^^^^^^
E   NameError: name 'AspectData' is not defined
_________ ERROR collecting tests/unit/test_progressions_public_api.py _________
tests\unit\test_progressions_public_api.py:10: in <module>
    import moira.progressions as _progressions_module
moira\__init__.py:30: in <module>
    from .facade import Chart, MissingEphemerisKernelError, Moira, __author__, __version__
moira\facade.py:199: in <module>
    from .aspects import (
moira\aspects.py:543: in <module>
    def aspect_strength(aspect: AspectData | DeclinationAspect) -> AspectStrength:
                                ^^^^^^^^^^
E   NameError: name 'AspectData' is not defined
________________ ERROR collecting tests/unit/test_rise_set.py _________________
tests\unit\test_rise_set.py:6: in <module>
    import moira.rise_set as rise_set
moira\__init__.py:30: in <module>
    from .facade import Chart, MissingEphemerisKernelError, Moira, __author__, __version__
moira\facade.py:199: in <module>
    from .aspects import (
moira\aspects.py:543: in <module>
    def aspect_strength(aspect: AspectData | DeclinationAspect) -> AspectStrength:
                                ^^^^^^^^^^
E   NameError: name 'AspectData' is not defined
________________ ERROR collecting tests/unit/test_shadbala.py _________________
tests\unit\test_shadbala.py:31: in <module>
    from moira.panchanga import sankranti_at
moira\__init__.py:30: in <module>
    from .facade import Chart, MissingEphemerisKernelError, Moira, __author__, __version__
moira\facade.py:199: in <module>
    from .aspects import (
moira\aspects.py:543: in <module>
    def aspect_strength(aspect: AspectData | DeclinationAspect) -> AspectStrength:
                                ^^^^^^^^^^
E   NameError: name 'AspectData' is not defined
______________ ERROR collecting tests/unit/test_shodashvarga.py _______________
tests\unit\test_shodashvarga.py:18: in <module>
    from moira.varga import (
moira\__init__.py:30: in <module>
    from .facade import Chart, MissingEphemerisKernelError, Moira, __author__, __version__
moira\facade.py:199: in <module>
    from .aspects import (
moira\aspects.py:543: in <module>
    def aspect_strength(aspect: AspectData | DeclinationAspect) -> AspectStrength:
                                ^^^^^^^^^^
E   NameError: name 'AspectData' is not defined
________________ ERROR collecting tests/unit/test_sidereal.py _________________
tests\unit\test_sidereal.py:20: in <module>
    import moira
moira\__init__.py:30: in <module>
    from .facade import Chart, MissingEphemerisKernelError, Moira, __author__, __version__
moira\facade.py:199: in <module>
    from .aspects import (
moira\aspects.py:543: in <module>
    def aspect_strength(aspect: AspectData | DeclinationAspect) -> AspectStrength:
                                ^^^^^^^^^^
E   NameError: name 'AspectData' is not defined
_________________ ERROR collecting tests/unit/test_sothic.py __________________
tests\unit\test_sothic.py:5: in <module>
    from moira.sothic import (
moira\__init__.py:30: in <module>
    from .facade import Chart, MissingEphemerisKernelError, Moira, __author__, __version__
moira\facade.py:199: in <module>
    from .aspects import (
moira\aspects.py:543: in <module>
    def aspect_strength(aspect: AspectData | DeclinationAspect) -> AspectStrength:
                                ^^^^^^^^^^
E   NameError: name 'AspectData' is not defined
____________ ERROR collecting tests/unit/test_sothic_public_api.py ____________
tests\unit\test_sothic_public_api.py:10: in <module>
    import moira.sothic as _sothic_module
moira\__init__.py:30: in <module>
    from .facade import Chart, MissingEphemerisKernelError, Moira, __author__, __version__
moira\facade.py:199: in <module>
    from .aspects import (
moira\aspects.py:543: in <module>
    def aspect_strength(aspect: AspectData | DeclinationAspect) -> AspectStrength:
                                ^^^^^^^^^^
E   NameError: name 'AspectData' is not defined
_______________ ERROR collecting tests/unit/test_spk_reader.py ________________
tests\unit\test_spk_reader.py:5: in <module>
    import moira.spk_reader as spk_reader
moira\__init__.py:30: in <module>
    from .facade import Chart, MissingEphemerisKernelError, Moira, __author__, __version__
moira\facade.py:199: in <module>
    from .aspects import (
moira\aspects.py:543: in <module>
    def aspect_strength(aspect: AspectData | DeclinationAspect) -> AspectStrength:
                                ^^^^^^^^^^
E   NameError: name 'AspectData' is not defined
___________________ ERROR collecting tests/unit/test_ssb.py ___________________
tests\unit\test_ssb.py:33: in <module>
    from moira.ssb import (
moira\__init__.py:30: in <module>
    from .facade import Chart, MissingEphemerisKernelError, Moira, __author__, __version__
moira\facade.py:199: in <module>
    from .aspects import (
moira\aspects.py:543: in <module>
    def aspect_strength(aspect: AspectData | DeclinationAspect) -> AspectStrength:
                                ^^^^^^^^^^
E   NameError: name 'AspectData' is not defined
________ ERROR collecting tests/unit/test_stars_condition_profiles.py _________
tests\unit\test_stars_condition_profiles.py:3: in <module>
    from moira.star_types import (
moira\__init__.py:30: in <module>
    from .facade import Chart, MissingEphemerisKernelError, Moira, __author__, __version__
moira\facade.py:199: in <module>
    from .aspects import (
moira\aspects.py:543: in <module>
    def aspect_strength(aspect: AspectData | DeclinationAspect) -> AspectStrength:
                                ^^^^^^^^^^
E   NameError: name 'AspectData' is not defined
_____________ ERROR collecting tests/unit/test_stars_heliacal.py ______________
tests\unit\test_stars_heliacal.py:7: in <module>
    import moira.stars as stars
moira\__init__.py:30: in <module>
    from .facade import Chart, MissingEphemerisKernelError, Moira, __author__, __version__
moira\facade.py:199: in <module>
    from .aspects import (
moira\aspects.py:543: in <module>
    def aspect_strength(aspect: AspectData | DeclinationAspect) -> AspectStrength:
                                ^^^^^^^^^^
E   NameError: name 'AspectData' is not defined
____________ ERROR collecting tests/unit/test_stars_public_api.py _____________
tests\unit\test_stars_public_api.py:9: in <module>
    from moira import stars
moira\__init__.py:30: in <module>
    from .facade import Chart, MissingEphemerisKernelError, Moira, __author__, __version__
moira\facade.py:199: in <module>
    from .aspects import (
moira\aspects.py:543: in <module>
    def aspect_strength(aspect: AspectData | DeclinationAspect) -> AspectStrength:
                                ^^^^^^^^^^
E   NameError: name 'AspectData' is not defined
_________ ERROR collecting tests/unit/test_stars_sovereign_catalog.py _________
tests\unit\test_stars_sovereign_catalog.py:90: in <module>
    stars = importlib.import_module("moira.stars")
            ^^^^^^^^^^^^^^^^^^^^^^^^^^^^^^^^^^^^^^
..\..\..\AppData\Local\Programs\Python\Python313\Lib\importlib\__init__.py:88: in import_module
    return _bootstrap._gcd_import(name[level:], package, level)
           ^^^^^^^^^^^^^^^^^^^^^^^^^^^^^^^^^^^^^^^^^^^^^^^^^^^^
<frozen importlib._bootstrap>:1387: in _gcd_import
    ???
<frozen importlib._bootstrap>:1360: in _find_and_load
    ???
<frozen importlib._bootstrap>:1310: in _find_and_load_unlocked
    ???
<frozen importlib._bootstrap>:488: in _call_with_frames_removed
    ???
<frozen importlib._bootstrap>:1387: in _gcd_import
    ???
<frozen importlib._bootstrap>:1360: in _find_and_load
    ???
<frozen importlib._bootstrap>:1331: in _find_and_load_unlocked
    ???
<frozen importlib._bootstrap>:935: in _load_unlocked
    ???
<frozen importlib._bootstrap_external>:1023: in exec_module
    ???
<frozen importlib._bootstrap>:488: in _call_with_frames_removed
    ???
moira\__init__.py:30: in <module>
    from .facade import Chart, MissingEphemerisKernelError, Moira, __author__, __version__
moira\facade.py:199: in <module>
    from .aspects import (
moira\aspects.py:543: in <module>
    def aspect_strength(aspect: AspectData | DeclinationAspect) -> AspectStrength:
                                ^^^^^^^^^^
E   NameError: name 'AspectData' is not defined
___________ ERROR collecting tests/unit/test_synastry_public_api.py ___________
tests\unit\test_synastry_public_api.py:10: in <module>
    import moira.synastry as _synastry_module
moira\__init__.py:30: in <module>
    from .facade import Chart, MissingEphemerisKernelError, Moira, __author__, __version__
moira\facade.py:199: in <module>
    from .aspects import (
moira\aspects.py:543: in <module>
    def aspect_strength(aspect: AspectData | DeclinationAspect) -> AspectStrength:
                                ^^^^^^^^^^
E   NameError: name 'AspectData' is not defined
______________ ERROR collecting tests/unit/test_synodic_phase.py ______________
tests\unit\test_synodic_phase.py:3: in <module>
    import moira.phase as phase
moira\__init__.py:30: in <module>
    from .facade import Chart, MissingEphemerisKernelError, Moira, __author__, __version__
moira\facade.py:199: in <module>
    from .aspects import (
moira\aspects.py:543: in <module>
    def aspect_strength(aspect: AspectData | DeclinationAspect) -> AspectStrength:
                                ^^^^^^^^^^
E   NameError: name 'AspectData' is not defined
________________ ERROR collecting tests/unit/test_transits.py _________________
tests\unit\test_transits.py:8: in <module>
    import moira.transits as transits_module
moira\__init__.py:30: in <module>
    from .facade import Chart, MissingEphemerisKernelError, Moira, __author__, __version__
moira\facade.py:199: in <module>
    from .aspects import (
moira\aspects.py:543: in <module>
    def aspect_strength(aspect: AspectData | DeclinationAspect) -> AspectStrength:
                                ^^^^^^^^^^
E   NameError: name 'AspectData' is not defined
___________ ERROR collecting tests/unit/test_transits_public_api.py ___________
tests\unit\test_transits_public_api.py:10: in <module>
    import moira.transits as _transits_module
moira\__init__.py:30: in <module>
    from .facade import Chart, MissingEphemerisKernelError, Moira, __author__, __version__
moira\facade.py:199: in <module>
    from .aspects import (
moira\aspects.py:543: in <module>
    def aspect_strength(aspect: AspectData | DeclinationAspect) -> AspectStrength:
                                ^^^^^^^^^^
E   NameError: name 'AspectData' is not defined
_______________ ERROR collecting tests/unit/test_triplicity.py ________________
tests\unit\test_triplicity.py:17: in <module>
    from moira.triplicity import (
moira\__init__.py:30: in <module>
    from .facade import Chart, MissingEphemerisKernelError, Moira, __author__, __version__
moira\facade.py:199: in <module>
    from .aspects import (
moira\aspects.py:543: in <module>
    def aspect_strength(aspect: AspectData | DeclinationAspect) -> AspectStrength:
                                ^^^^^^^^^^
E   NameError: name 'AspectData' is not defined
__________________ ERROR collecting tests/unit/test_varga.py __________________
tests\unit\test_varga.py:5: in <module>
    import moira.varga as varga
moira\__init__.py:30: in <module>
    from .facade import Chart, MissingEphemerisKernelError, Moira, __author__, __version__
moira\facade.py:199: in <module>
    from .aspects import (
moira\aspects.py:543: in <module>
    def aspect_strength(aspect: AspectData | DeclinationAspect) -> AspectStrength:
                                ^^^^^^^^^^
E   NameError: name 'AspectData' is not defined
_____________ ERROR collecting tests/unit/test_variable_stars.py ______________
tests\unit\test_variable_stars.py:26: in <module>
    from moira.variable_stars import (
moira\__init__.py:30: in <module>
    from .facade import Chart, MissingEphemerisKernelError, Moira, __author__, __version__
moira\facade.py:199: in <module>
    from .aspects import (
moira\aspects.py:543: in <module>
    def aspect_strength(aspect: AspectData | DeclinationAspect) -> AspectStrength:
                                ^^^^^^^^^^
E   NameError: name 'AspectData' is not defined
_____________ ERROR collecting tests/unit/test_vedic_dignities.py _____________
tests\unit\test_vedic_dignities.py:23: in <module>
    from moira.vedic_dignities import (
moira\__init__.py:30: in <module>
    from .facade import Chart, MissingEphemerisKernelError, Moira, __author__, __version__
moira\facade.py:199: in <module>
    from .aspects import (
moira\aspects.py:543: in <module>
    def aspect_strength(aspect: AspectData | DeclinationAspect) -> AspectStrength:
                                ^^^^^^^^^^
E   NameError: name 'AspectData' is not defined
_____________ ERROR collecting tests/unit/test_void_of_course.py ______________
tests\unit\test_void_of_course.py:18: in <module>
    import moira
moira\__init__.py:30: in <module>
    from .facade import Chart, MissingEphemerisKernelError, Moira, __author__, __version__
moira\facade.py:199: in <module>
    from .aspects import (
moira\aspects.py:543: in <module>
    def aspect_strength(aspect: AspectData | DeclinationAspect) -> AspectStrength:
                                ^^^^^^^^^^
E   NameError: name 'AspectData' is not defined
=========================== short test summary info ===========================
SKIPPED [1] tests\integration\test_erfa_validation.py:12: could not import 'erfa': No module named 'erfa'
SKIPPED [1] tests\integration\test_vondrak_ancient_validation.py:27: could not import 'erfa': No module named 'erfa'
!!!!!!!!!!!!!!!!!! Interrupted: 144 errors during collection !!!!!!!!!!!!!!!!!!
